// Jest Snapshot v1, https://goo.gl/fbAQLP

exports[`addOrg adds a new org with no invitees 1`] = `
Object {
  "organization": Array [
    Object {
      "createdAt": 2017-02-26T05:42:20.836Z,
      "creditCard": Object {
        "brand": "Visa",
        "expiry": "12/23",
        "last4": "4242",
      },
      "id": 0,
      "name": "addOrg|1|NewOrgName",
      "orgUsers": Array [
        Object {
          "id": 2,
          "inactive": false,
          "role": "billingLeader",
        },
      ],
      "periodEnd": 2017-02-26T05:42:20.000Z,
      "periodStart": 2017-02-26T05:42:20.000Z,
      "stripeId": 1,
      "stripeSubscriptionId": 1,
      "updatedAt": 2017-02-26T05:42:20.836Z,
    },
  ],
  "team": Array [
    Object {
      "activeFacilitator": null,
      "facilitatorPhase": "lobby",
      "facilitatorPhaseItem": null,
      "id": 3,
      "isPaid": true,
      "meetingId": null,
      "meetingPhase": "lobby",
      "meetingPhaseItem": null,
      "name": "addOrg|1|NewTeamName",
      "orgId": 0,
    },
  ],
  "teamMember": Array [
    Object {
      "checkInOrder": 0,
      "email": "steve.rogers@avengers.org",
      "id": 4,
      "isFacilitator": true,
      "isLead": true,
      "isNotRemoved": true,
      "picture": "https://placeimg.com/100/100/animals",
      "preferredName": "Captain America",
      "teamId": 3,
      "userId": 2,
    },
  ],
  "user": Array [
    Object {
      "cachedAt": 2017-02-26T05:42:20.836Z,
      "createdAt": 2017-02-26T05:42:20.836Z,
      "email": "steve.rogers@avengers.org",
      "emailVerified": false,
      "id": 2,
      "identities": Array [],
      "inactive": false,
      "lastLogin": 2017-02-26T05:42:20.836Z,
      "lastSeenAt": 2017-02-26T05:42:20.836Z,
      "name": "Steve Rogers",
      "picture": "https://placeimg.com/100/100/animals",
      "preferredName": "Captain America",
      "tms": Array [
        12,
        3,
      ],
      "trialOrg": 13,
      "updatedAt": 2017-02-26T05:42:20.836Z,
      "userOrgs": Array [
        Object {
          "id": 13,
          "role": "billingLeader",
        },
        Object {
          "id": 0,
          "role": "billingLeader",
        },
      ],
      "welcomeSentAt": 2017-02-26T05:42:20.836Z,
    },
    Object {
      "cachedAt": 2017-02-26T05:42:20.836Z,
      "createdAt": 2017-02-26T05:42:20.836Z,
      "email": "james.rhodes@avengers.org",
      "emailVerified": false,
      "id": 5,
      "identities": Array [],
      "inactive": false,
      "lastLogin": 2017-02-26T05:42:20.836Z,
      "lastSeenAt": 2017-02-26T05:42:20.836Z,
      "name": "James Rhodes",
      "nickname": "War Machine",
      "picture": "https://placeimg.com/100/100/animals",
      "tms": Array [
        12,
      ],
      "trialOrg": 14,
      "updatedAt": 2017-02-26T05:42:20.836Z,
      "userOrgs": Array [
        Object {
          "id": 13,
          "role": null,
        },
      ],
      "welcomeSentAt": 2017-02-26T05:42:20.836Z,
    },
    Object {
      "cachedAt": 2017-02-26T05:42:20.836Z,
      "createdAt": 2017-02-26T05:42:20.836Z,
      "email": "thor@avengers.org",
      "emailVerified": false,
      "id": 6,
      "identities": Array [],
      "inactive": false,
      "lastLogin": 2017-02-26T05:42:20.836Z,
      "lastSeenAt": 2017-02-26T05:42:20.836Z,
      "name": "Thor Odinson",
      "nickname": "Thor",
      "picture": "https://placeimg.com/100/100/animals",
      "tms": Array [
        12,
      ],
      "trialOrg": 14,
      "updatedAt": 2017-02-26T05:42:20.836Z,
      "userOrgs": Array [
        Object {
          "id": 13,
          "role": null,
        },
      ],
      "welcomeSentAt": 2017-02-26T05:42:20.836Z,
    },
    Object {
      "cachedAt": 2017-02-26T05:42:20.836Z,
      "createdAt": 2017-02-26T05:42:20.836Z,
      "email": "vision@avengers.org",
      "emailVerified": false,
      "id": 7,
      "identities": Array [],
      "inactive": false,
      "lastLogin": 2017-02-26T05:42:20.836Z,
      "lastSeenAt": 2017-02-26T05:42:20.836Z,
      "name": "Jonas",
      "nickname": "Vision",
      "picture": "https://placeimg.com/100/100/animals",
      "tms": Array [
        12,
      ],
      "trialOrg": 14,
      "updatedAt": 2017-02-26T05:42:20.836Z,
      "userOrgs": Array [
        Object {
          "id": 13,
          "role": null,
        },
      ],
      "welcomeSentAt": 2017-02-26T05:42:20.836Z,
    },
    Object {
      "cachedAt": 2017-02-26T05:42:20.836Z,
      "createdAt": 2017-02-26T05:42:20.836Z,
      "email": "bruce.banner@avengers.org",
      "emailVerified": false,
      "id": 8,
      "identities": Array [],
      "inactive": false,
      "lastLogin": 2017-02-26T05:42:20.836Z,
      "lastSeenAt": 2017-02-26T05:42:20.836Z,
      "name": "Bruce Banner",
      "nickname": "Hulk",
      "picture": "https://placeimg.com/100/100/animals",
      "tms": Array [
        12,
      ],
      "trialOrg": 14,
      "updatedAt": 2017-02-26T05:42:20.836Z,
      "userOrgs": Array [
        Object {
          "id": 13,
          "role": null,
        },
      ],
      "welcomeSentAt": 2017-02-26T05:42:20.836Z,
    },
    Object {
      "cachedAt": 2017-02-26T05:42:20.836Z,
      "createdAt": 2017-02-26T05:42:20.836Z,
      "email": "tony.stark@avengers.org",
      "emailVerified": false,
      "id": 9,
      "identities": Array [],
      "inactive": false,
      "lastLogin": 2017-02-26T05:42:20.836Z,
      "lastSeenAt": 2017-02-26T05:42:20.836Z,
      "name": "Tony Stark",
      "nickname": "War Machine",
      "picture": "https://placeimg.com/100/100/animals",
      "tms": Array [
        12,
      ],
      "trialOrg": 14,
      "updatedAt": 2017-02-26T05:42:20.836Z,
      "userOrgs": Array [
        Object {
          "id": 13,
          "role": null,
        },
      ],
      "welcomeSentAt": 2017-02-26T05:42:20.836Z,
    },
    Object {
      "cachedAt": 2017-02-26T05:42:20.836Z,
      "createdAt": 2017-02-26T05:42:20.836Z,
      "email": "kyle.richmond@avengers.org",
      "emailVerified": false,
      "id": 10,
      "identities": Array [],
      "inactive": false,
      "lastLogin": 2017-02-26T05:42:20.836Z,
      "lastSeenAt": 2017-02-26T05:42:20.836Z,
      "name": "Kyle Richmond",
      "nickname": "Nighthawk",
      "picture": "https://placeimg.com/100/100/animals",
      "tms": Array [
        12,
      ],
      "trialOrg": 14,
      "updatedAt": 2017-02-26T05:42:20.836Z,
      "userOrgs": Array [
        Object {
          "id": 13,
          "role": null,
        },
      ],
      "welcomeSentAt": 2017-02-26T05:42:20.836Z,
    },
    Object {
      "cachedAt": 2017-02-26T05:42:20.836Z,
      "createdAt": 2017-02-26T05:42:20.836Z,
      "email": "natasha.romanova@avengers.org",
      "emailVerified": false,
      "id": 11,
      "identities": Array [],
      "inactive": false,
      "lastLogin": 2017-02-26T05:42:20.836Z,
      "lastSeenAt": 2017-02-26T05:42:20.836Z,
      "name": "Natasha Romanova",
      "nickname": "Black Widow",
      "picture": "https://placeimg.com/100/100/animals",
      "tms": Array [
        12,
      ],
      "trialOrg": 14,
      "updatedAt": 2017-02-26T05:42:20.836Z,
      "userOrgs": Array [
        Object {
          "id": 13,
          "role": null,
        },
      ],
      "welcomeSentAt": 2017-02-26T05:42:20.836Z,
    },
    Object {
      "cachedAt": 2017-02-26T05:42:20.836Z,
      "createdAt": 2017-02-26T05:42:20.836Z,
      "email": "steve.rogers@avengers.org",
      "emailVerified": false,
      "id": 2,
      "identities": Array [],
      "inactive": false,
      "lastLogin": 2017-02-26T05:42:20.836Z,
      "lastSeenAt": 2017-02-26T05:42:20.836Z,
      "name": "Steve Rogers",
      "picture": "https://placeimg.com/100/100/animals",
      "preferredName": "Captain America",
      "tms": Array [
        12,
        3,
      ],
      "trialOrg": 13,
      "updatedAt": 2017-02-26T05:42:20.836Z,
      "userOrgs": Array [
        Object {
          "id": 13,
          "role": "billingLeader",
        },
        Object {
          "id": 0,
          "role": "billingLeader",
        },
      ],
      "welcomeSentAt": 2017-02-26T05:42:20.836Z,
    },
  ],
}
`;

exports[`addOrg adds a new org with no invitees 2`] = `
Object {
  "customers": Object {
    "account_balance": 0,
    "created": 1488087740,
    "currency": "usd",
    "default_source": "card_123",
    "delinquent": false,
    "description": null,
    "discount": null,
    "email": null,
    "id": 1,
    "livemode": false,
    "metadata": Object {
      "orgId": 0,
    },
    "object": "customer",
    "shipping": null,
    "sources": Object {
      "data": Array [
        Object {
          "address_city": null,
          "address_country": null,
          "address_line1": null,
          "address_line1_check": null,
          "address_line2": null,
          "address_state": null,
          "address_zip": null,
          "address_zip_check": null,
          "brand": "Visa",
          "country": "US",
          "customer": 1,
          "cvc_check": "pass",
          "dynamic_last4": null,
          "exp_month": "12",
          "exp_year": "2023",
          "funding": "credit",
          "id": "card_123",
          "last4": "4242",
          "metadata": Object {},
          "name": null,
          "object": "card",
          "tokenization_method": null,
        },
      ],
      "has_more": false,
      "object": "list",
      "total_count": 1,
      "url": 15,
    },
  },
  "subscriptions": Object {
    "application_fee_percent": null,
    "cancel_at_period_end": false,
    "canceled_at": null,
    "created": 1488087740,
    "current_period_end": 1488087740,
    "current_period_start": 1488087740,
    "customer": 1,
    "discount": null,
    "ended_at": null,
    "id": 1,
    "items": Object {
      "data": Array [
        Object {
          "created": 1488087740,
          "id": "si_123",
          "object": "subscription_item",
          "plan": Object {
            "amount": 19999900,
            "created": 1488087740,
            "currency": "usd",
            "id": "action-monthly-test",
            "interval": "month",
            "interval_count": 1,
            "livemode": false,
            "metadata": Object {},
            "name": "Action Monthly | TEST",
            "object": "plan",
            "statement_descriptor": null,
            "trial_period_days": null,
          },
          "quantity": 8,
        },
      ],
      "has_more": false,
      "object": "list",
      "total_count": 1,
      "url": 16,
    },
    "livemode": false,
    "metadata": Object {
      "orgId": 0,
    },
    "object": "subscription",
    "plan": Object {
      "amount": 19999900,
      "created": 1488087740,
      "currency": "usd",
      "id": "action-monthly-test",
      "interval": "month",
      "interval_count": 1,
      "livemode": false,
      "metadata": Object {},
      "name": "action-monthly",
      "object": "plan",
      "statement_descriptor": null,
      "trial_period_days": null,
    },
    "quantity": 1,
    "start": 1488087740,
    "status": "active",
    "tax_percent": 0,
    "trial_end": 1488087740,
    "trial_start": 1488087740,
  },
}
`;
