// Jest Snapshot v1, https://goo.gl/fbAQLP

exports[`createPendingApprovals creates approvals with org leader notifications, returns an object full of the notifications 1`] = `
Object {
  "notification": Array [
    Object {
      "id": 0,
      "inviteeEmail": 1,
      "inviterName": "Captain America",
      "inviterUserId": 2,
      "orgId": 3,
      "startAt": 2017-01-01T08:00:00.000Z,
      "teamId": 4,
      "teamName": "Team America",
      "type": "REQUEST_NEW_USER",
      "userIds": Array [
        2,
      ],
    },
  ],
  "orgApproval": Array [],
}
`;
