// Jest Snapshot v1, https://goo.gl/fbAQLP

exports[`emailTeamInvitations inserts new records for new invites, updates existing records 1`] = `
Object {
  "invitation": Array [
    Object {
      "createdAt": 2017-01-01T08:00:00.000Z,
      "email": 2,
      "hashedToken": "HA$H",
      "id": 0,
      "inviteCount": 1,
      "invitedBy": 4,
      "teamId": 5,
      "tokenExpiration": 2017-01-31T08:00:00.000Z,
      "updatedAt": 2017-01-01T08:00:00.000Z,
    },
    Object {
      "createdAt": 2017-01-01T08:00:00.000Z,
      "email": 3,
      "hashedToken": "HA$H",
      "id": 1,
      "inviteCount": 2,
      "invitedBy": 4,
      "teamId": 5,
      "tokenExpiration": 2017-01-31T08:00:00.000Z,
      "updatedAt": 2017-01-01T08:00:00.000Z,
    },
  ],
}
`;
